
R version 3.1.2 (2014-10-31) -- "Pumpkin Helmet"
Copyright (C) 2014 The R Foundation for Statistical Computing
Platform: x86_64-apple-darwin13.4.0 (64-bit)

R is free software and comes with ABSOLUTELY NO WARRANTY.
You are welcome to redistribute it under certain conditions.
Type 'license()' or 'licence()' for distribution details.

R is a collaborative project with many contributors.
Type 'contributors()' for more information and
'citation()' on how to cite R or R packages in publications.

Type 'demo()' for some demos, 'help()' for on-line help, or
'help.start()' for an HTML browser interface to help.
Type 'q()' to quit R.

> library(BMLGrid)
> 
> grid = matrix(0, 3, 3)
> grid[1, 1] = 1
> grid[2, 2] = 2
> 
> grid = runBMLGrid(grid, 2)
> 
> 
> if ( !(grid[1,3]==1 & grid[1,2]==2) )
+   stop("Error: 5-step test failed!")
> 
> # the code is taken from a Duncan's comment
> 
> proc.time()
   user  system elapsed 
  0.371   0.029   0.385 
